================================================================================
DEAD LINKS
================================================================================

[Hooking via exceptions]
  URL: https://medium.com/@fsx30/vectored-exception-handling-hooking-via-forced-exception-f888754549c6
  Status: 403

[Behind the Mask: Spoofing Call Stacks Dynamically with Timers]
  URL: https://www.cobaltstrike.com/blog/behind-the-mask-spoofing-call-stacks-dynamically-with-timers
  Status: 403

[SysWhispers is dead, long live SysWhispers!]
  URL: https://klezvirus.github.io/RedTeaming/AV_Evasion/NoSysWhisper/
  Status: 404

[Bootlicker - UEFI rootkit]
  URL: https://github.com/realoriginal/bootlicker
  Status: 404

[KnownDLLs injection]
  URL: https://www.codeproject.com/Articles/325603/Injection-into-a-Process-Using-KnownDlls
  Status: 403

[Function hijacking]
  URL: https://klezvirus.github.io/RedTeaming/AV_Evasion/FromInjectionToHijacking/
  Status: 404

[Massive guide on bypassing anticheat and antidebug - also works in malware against EDRs]
  URL: https://guidedhacking.com/forums/anticheat-bypass-antidebug-tutorials.46/
  Status: 403

[Writing Beacon Object Files: Flexible, Stealthy, and Compatible: Direct syscalls from the real ntdll to bypas syscall detection]
  URL: https://www.cobaltstrike.com/blog/writing-beacon-object-files-flexible-stealthy-and-compatible/
  Status: 403

[Post auth RCE based in malicious LUA plugin script upload SCADA controllers located in Russia]
  URL: https://medium.com/@bertinjoseb/post-auth-rce-based-in-malicious-lua-plugin-script-upload-scada-controllers-located-in-russia-57044425ac38
  Status: 403

[AD Trusts]
  URL: https://medium.com/sse-blog/active-directory-spotlight-trusts-part-2-operational-guidance-ada54ac3bf13
  Status: 403

[Learn AD basics]
  URL: https://www.udemy.com/course/active-directory/
  Status: 403

[Kerberos Authentication Deep Dive]
  URL: https://medium.com/@harikrishnanp006/deep-dive-into-kerberos-authentication-6c124bac26fb
  Status: 403

[NTLM and NTLMv2 Challenge-Response]
  URL: https://medium.com/@petergombos/lm-ntlm-net-ntlmv2-oh-my-a9b235c58ed4
  Status: 403

[Defeating Windows Defender Credential Guard]
  URL: https://research.ifcr.dk/pass-the-challenge-defeating-windows-defender-credential-guard-31a892eee22
  Status: 403

[TymSpecial Shellcode Loader]
  URL: https://github.com/ChadMotivation/TymSpecial
  Status: 404

[0d1n: a tool for automating customized attacks against web applications]
  URL: https://github.com/CoolerVoid/0d1n
  Status: 404

[Injector: Complete Arsenal of Memory injection and other techniques for red-teaming in Windows]
  URL: https://github.com/0xDivyanshu/Injector
  Status: 404

[Lord of the ring0]
  URL: https://idov31.github.io/2022/07/14/lord-of-the-ring0-p1.html
  Status: 404

[Dive into the MITRE Engage™ Official Release]
  URL: https://medium.com/mitre-engage/dive-into-the-mitre-engage-official-release-731504542924
  Status: 403

[Attack Flow — Beyond Atomic Behaviors]
  URL: https://medium.com/mitre-engenuity/attack-flow-beyond-atomic-behaviors-c646675cc793
  Status: 403

[BOF2shellcode — a tutorial converting a stand-alone BOF loader into shellcode]
  URL: https://medium.com/falconforce/bof2shellcode-a-tutorial-converting-a-stand-alone-bof-loader-into-shellcode-6369aa518548
  Status: 403

[VX-Underground Black Mass 2022]
  URL: https://papers.vx-underground.org/papers/Other/VXUG%20Zines/Black%20Mass%20Halloween%202022.pdf
  Status: 403

[We Put A C2 In Your Notetaking App: OffensiveNotion]
  URL: https://medium.com/@huskyhacks.mk/we-put-a-c2-in-your-notetaking-app-offensivenotion-3e933bace332
  Status: 403

[Playing in the Tradecraft Garden of Beacon]
  URL: https://www.cobaltstrike.com/blog/playing-in-the-tradecraft-garden-of-beacon
  Status: 403

================================================================================
REDIRECTED LINKS
================================================================================

[Adventures in Dynamic Evasion; unhooking]
  Original:  https://posts.specterops.io/adventures-in-dynamic-evasion-1fe0bac57aa
  Redirect:  https://specterops.io/blog/
  Status: 200

[What is it that makes a Microsoft executable a Microsoft executable?]
  Original:  https://posts.specterops.io/what-is-it-that-makes-a-microsoft-executable-a-microsoft-executable-b43ac612195e
  Redirect:  https://specterops.io/blog/
  Status: 200

[my blog]
  Original:  https://codex-7.gitbook.io/
  Redirect:  https://codex-7.gitbook.io/codexs-terminal-window/
  Status: 200

[Unhooking Sentinel1]
  Original:  https://twitter.com/ninjaparanoid/status/1493396083644399616?s=21
  Redirect:  https://x.com/ninjaparanoid/status/1493396083644399616?s=21
  Status: 200

[Stack Spoofing]
  Original:  https://github.com/countercept/CallStackSpoofer
  Redirect:  https://github.com/WithSecureLabs/CallStackSpoofer
  Status: 200

[Sleeping with a Mask On (Cobalt Strike)]
  Original:  https://adamsvoboda.net/sleeping-with-a-mask-on-cobaltstrike/
  Redirect:  https://adamsvoboda.net/sleeping-with-a-mask-on-cobalt-strike/
  Status: 200

[Shellcode detection using realtime kernel monitoring]
  Original:  https://www.countercraftsec.com/blog/post/shellcode-detection-using-realtime-kernel-monitoring/
  Redirect:  https://www.countercraftsec.com/blog/shellcode-detection-using-realtime-kernel-monitoring/
  Status: 200

[Combining Direct System Calls and sRDI to bypass AV/EDR]
  Original:  https://outflank.nl/blog/2019/06/19/red-team-tactics-combining-direct-system-calls-and-srdi-to-bypass-av-edr/
  Redirect:  https://www.outflank.nl/blog/2019/06/19/red-team-tactics-combining-direct-system-calls-and-srdi-to-bypass-av-edr/
  Status: 403

[Sleep obf explained]
  Original:  https://www.binarydefense.com/resources/blog/understanding-sleep-obfuscation/
  Redirect:  https://binarydefense.com/resources/blog/understanding-sleep-obfuscation/
  Status: 200

[3in1: Project aimed to Bypass Some Av Products, Using Different, Advanced Features]
  Original:  https://gitlab.com/ORCA666/3in1
  Redirect:  https://gitlab.com/users/sign_in
  Status: 403

[Operational challenges in offensive C - SpectreOps]
  Original:  https://posts.specterops.io/operational-challenges-in-offensive-c-355bd232a200
  Redirect:  https://specterops.io/blog/
  Status: 200

[Hindering Threat Hunting, a tale of evasion in a restricted environment]
  Original:  https://www.tarlogic.com/blog/hindering-threat-hunting-a-tale-of-evasion-in-a-restricted-environment/
  Redirect:  https://www.tarlogic.com/blog/threat-hunting-evasion-restricted-environment/
  Status: 200

[Adventures in Dynamic Evasion]
  Original:  https://posts.specterops.io/adventures-in-dynamic-evasion-1fe0bac57aa
  Redirect:  https://specterops.io/blog/
  Status: 200

[EDR and Blending In: How Attackers Avoid Getting Caught: Part 2]
  Original:  https://www.optiv.com/insights/source-zero/blog/edr-and-blending-how-attackers-avoid-getting-caught
  Redirect:  https://www.optiv.com/insights/discover/blog/edr-and-blending-how-attackers-avoid-getting-caught
  Status: 200

[Important: Reduce ur entropy]
  Original:  https://twitter.com/hardwaterhacker/status/1502425183331799043?s=21
  Redirect:  https://x.com/hardwaterhacker/status/1502425183331799043?s=21
  Status: 200

[Using the kernel callback table to execute code]
  Original:  https://blog.malwarebytes.com/threat-intelligence/2022/01/north-koreas-lazarus-apt-leverages-windows-update-client-github-in-latest-campaign/
  Redirect:  https://www.threatdown.com/blog/north-koreas-lazarus-apt-leverages-windows-update-client-github-in-latest-campaign/
  Status: 200

[Echotrail - windows process stats]
  Original:  https://www.echotrail.io/
  Redirect:  https://rockyraccoon.io/
  Status: 200

[Russian State-Sponsored Cyber Actors Gain Network Access by Exploiting Default Multifactor Authentication Protocols and “PrintNightmare” Vulnerability #threatintel report]
  Original:  https://www.cisa.gov/uscert/ncas/alerts/aa22-074a
  Redirect:  https://www.cisa.gov/news-events/cybersecurity-advisories/aa22-074a
  Status: 200

[Observations from the stellarparticle-campaign]
  Original:  https://www.crowdstrike.com/blog/observations-from-the-stellarparticle-campaign/
  Redirect:  https://www.crowdstrike.com/en-us/blog/observations-from-the-stellarparticle-campaign/
  Status: 200

[Revisiting Phishing Simulations]
  Original:  https://posts.specterops.io/revisiting-phishing-simulations-94d9cd460934
  Redirect:  https://specterops.io/blog/2022/03/09/revisiting-phishing-simulations/
  Status: 200

[Phishing page detection via learning classifiers from page layout feature]
  Original:  https://jwcn-eurasipjournals.springeropen.com/articles/10.1186/s13638-019-1361-0
  Redirect:  https://link.springer.com/article/10.1186/s13638-019-1361-0
  Status: 200

[Phishing with Github]
  Original:  https://www.form3.tech/engineering/content/phishing-github
  Redirect:  https://www.form3.tech/blog/engineering/phishing-github
  Status: 200

[Does This Look Infected? A Summary of APT41 Targeting U.S. State Governments]
  Original:  https://www.mandiant.com/resources/apt41-us-state-governments
  Redirect:  https://cloud.google.com/blog/topics/threat-intelligence/apt41-us-state-governments/
  Status: 200

[Announcing Azure in BloodHound Enterprise]
  Original:  https://posts.specterops.io/announcing-azure-in-bloodhound-enterprise-b1a900557cda
  Redirect:  https://specterops.io/blog/2022/03/17/announcing-azure-in-bloodhound-enterprise/
  Status: 200

[Certified Pre Owned (ADCS Abuse)]
  Original:  https://posts.specterops.io/certified-pre-owned-d95910965cd2
  Redirect:  https://specterops.io/blog/2021/06/17/certified-pre-owned/
  Status: 200

[Windows Logon Process Deep Dive]
  Original:  https://techcommunity.microsoft.com/t5/itops-talk-blog/deep-dive-logging-on-to-windows/ba-p/2420705?WT.mc_id=modinfra-30798-socuff
  Redirect:  https://techcommunity.microsoft.com/blog/itopstalkblog/deep-dive-logging-on-to-windows/2420705
  Status: 200

[in memory lsass dumper using syscalls]
  Original:  https://github.com/helpsystems/nanodump
  Redirect:  https://github.com/fortra/nanodump
  Status: 200

[Credential Defenses]
  Original:  https://book.hacktricks.xyz/windows-hardening/stealing-credentials/credentials-protections
  Redirect:  https://book.hacktricks.wiki/en/windows-hardening/stealing-credentials/credentials-protections.html
  Status: 200

[D-Generate - syscall tracing]
  Original:  https://twitter.com/jonaslyk/status/1568450498579111936?lang=en
  Redirect:  https://x.com/jonaslyk/status/1568450498579111936?lang=en
  Status: 200

[Pixload: Set of tools for creating/injecting payload into images]
  Original:  https://github.com/chinarulezzz/pixload
  Redirect:  https://github.com/sighook/pixload
  Status: 200

[Cause & Effect…ive C2]
  Original:  https://www.ctus.io/2021/06/29/cause-effect-ive-c2/
  Redirect:  https://thecontractor.io/?ctus
  Status: 200

[DynamicWrapperEx – Windows API Invocation from Windows Script Host]
  Original:  https://www.contextis.com/en/blog/dynamicwrapperex-windows-api-invocation-from-windows-script-host?utm_source=linkedin&utm_medium=HootsuiteCTXIS&utm_campaign=649c522f-1883-4b51-8712-a299c4a9ac31
  Redirect:  https://www.accenture.com/sg-en
  Status: 200

[Guest Diary (Etay Nir) Kernel Hooking Basics]
  Original:  https://isc.sans.edu/forums/diary/Guest+Diary+Etay+Nir+Kernel+Hooking+Basics/23155/
  Redirect:  https://isc.sans.edu/diary/Guest+Diary+Etay+Nir+Kernel+Hooking+Basics/23155
  Status: 200

[How GitLab's Red Team automates C2 testing]
  Original:  https://about.gitlab.com/blog/2023/11/28/how-gitlabs-red-team-automates-c2-testing/
  Redirect:  https://about.gitlab.com/blog/how-gitlabs-red-team-automates-c2-testing/
  Status: 200

[72-page eBook describing Endgame’s solution to hunting advanced cyberthreats]
  Original:  https://cyber-edge.com/resources/the-endgame-guide-to-threat-hunting/
  Redirect:  https://cyberedgegroup.com/resources/the-endgame-guide-to-threat-hunting/
  Status: 200

[TiEtwAgent – ETW-based process injection detection (cant unhook from userland)]
  Original:  https://securityonline.info/tietwagent-etw-based-process-injection-detection/
  Redirect:  https://securityonline.info
  Status: 200

[A Study on Blue Team’s OPSEC Failures]
  Original:  http://essay.utwente.nl/84945/1/__ad.utwente.nl_Org_BA_Bibliotheek_Documentfiles_Afstudeerverslagen__Verwerkt_caretta_crichlow_MA_eemcs.pdf
  Redirect:  https://essay.utwente.nl/fileshare/file/84945/__ad.utwente.nl_Org_BA_Bibliotheek_Documentfiles_Afstudeerverslagen__Verwerkt_caretta_crichlow_MA_eemcs.pdf
  Status: 200

================================================================================
TIMEOUT LINKS
================================================================================

[EDR tampering]
  URL: https://www.infosec.tirol/how-to-tamper-the-edr/

[StackScraper - Capturing sensitive data using real-time stack scanning against a remote process]
  URL: https://www.x86matthew.com/view_post?id=stack_scraper

[Reading and writing remote process data without using ReadProcessMemory / WriteProcessMemory]
  URL: https://www.x86matthew.com/view_post?id=read_write_proc_memory

[WindowsNoExec - Abusing existing instructions to executing arbitrary code without allocating executable memory]
  URL: https://www.x86matthew.com/view_post?id=windows_no_exec

[Parent-child process strcuture]
  URL: https://mrd0x.com/introduction-to-parent-child-process-evasion/

[Browser In The Browser (BITB) Attack]
  URL: https://mrd0x.com/browser-in-the-browser-phishing-attack/

[mrd0x - phishing with spoofed cloud attachments]
  URL: https://mrd0x.com/phishing-o365-spoofed-cloud-attachments/

[mrd0x - teams abuse]
  URL: https://mrd0x.com/microsoft-teams-abuse/

[mrd0x - phishing with .ics]
  URL: https://mrd0x.com/spoofing-calendar-invites-using-ics-files/

================================================================================
ERROR LINKS
================================================================================

[Kernel callbacks]
  URL: http://www.nynaeve.net/?p=200
  Error: HTTPConnectionPool(host='www.nynaeve.net', port=80): Max retries exceeded with url: /?p=200 (Caused by NewConnectionError('<urllib3.connection.HTTPConnection object at 0x00000251D9E6D350>: Failed to establish a new connection: [Errno 11002] getaddrinfo failed'))

[Data Only Attack: Neutralizing EtwTi Provider]
  URL: https://public.cnotools.studio/bring-your-own-vulnerable-kernel-driver-byovkd/exploits/data-only-attack-neutralizing-etwti-provider
  Error: HTTPSConnectionPool(host='public.cnotools.studio', port=443): Max retries exceeded with url: /bring-your-own-vulnerable-kernel-driver-byovkd/exploits/data-only-attack-neutralizing-etwti-provider (Caused by NewConnectionError('<urllib3.connection.HTTPSConnection object at 0x00000251DA73CF10>: Failed to establish a new connection: [Errno 11001] getaddrinfo failed'))

[Running shellcode in electron]
  URL: https://barbellsandrootshells.com/electron-shellcode-loader
  Error: HTTPSConnectionPool(host='barbellsandrootshells.com', port=443): Max retries exceeded with url: /electron-shellcode-loader (Caused by NewConnectionError('<urllib3.connection.HTTPSConnection object at 0x00000251DA77A5D0>: Failed to establish a new connection: [Errno 11001] getaddrinfo failed'))

[VBA and Function Pointers]
  URL: https://secureyourit.co.uk/wp/2020/11/28/vbafunctionpointers/
  Error: HTTPSConnectionPool(host='secureyourit.co.uk', port=443): Max retries exceeded with url: /wp/2020/11/28/vbafunctionpointers/ (Caused by SSLError(SSLCertVerificationError(1, '[SSL: CERTIFICATE_VERIFY_FAILED] certificate verify failed: certificate has expired (_ssl.c:1002)')))